LTspice 24.1.6 for Windows
Circuit: C:\Users\sahas\OneDrive\Documents\LTspice\NewLTspice\lab2_task2q3_variant1_optimised.cir
Start Time: Sun Dec 28 20:39:44 2025
solver = Normal
Maximum thread count: 4
tnom = 27
temp = 27
method = trap
Instance "M1": Length shorter than recommended for a level 1 MOSFET.
Instance "M2": Length shorter than recommended for a level 1 MOSFET.
Direct Newton iteration for .op point succeeded.
Total elapsed time: 0.270 seconds.

Files loaded:
C:\Users\sahas\OneDrive\Documents\LTspice\NewLTspice\lab2_task2q3_variant1_optimised.cir

t_rise=3.28751551905e-09 FROM 5.78624435422e-08 TO 6.11499590612e-08
t_fall=3.29500360349e-09 FROM 2.86154025814e-09 TO 6.15654386163e-09
tphl=1.9627670292e-09 FROM 2.49999995702e-09 TO 4.46276698622e-09
tplh=1.9629014096e-09 FROM 5.75000000292e-08 TO 5.94629014388e-08
t_prop: '(tPHL+tPLH)/2'=1.9628342194e-09
t_skew: 'abs(tPHL-tPLH)'=1.34380399468e-13
