LTspice 24.1.6 for Windows
Circuit: C:\Users\sahas\OneDrive\Documents\LTspice\NewLTspice\lab2_task2q4b_halved_width.cir
Start Time: Sun Dec 28 20:45:43 2025
solver = Normal
Maximum thread count: 4
tnom = 27
temp = 27
method = trap
Instance "M1": Length shorter than recommended for a level 1 MOSFET.
Instance "M1": Width narrower than recommended for a level 1 MOSFET.
Instance "M2": Length shorter than recommended for a level 1 MOSFET.
Instance "M2": Width narrower than recommended for a level 1 MOSFET.
Direct Newton iteration for .op point succeeded.
Total elapsed time: 0.262 seconds.

Files loaded:
C:\Users\sahas\OneDrive\Documents\LTspice\NewLTspice\lab2_task2q4b_halved_width.cir

t_rise=7.66425122115e-09 FROM 5.87621510597e-08 TO 6.64264022808e-08
t_fall=6.31624576077e-09 FROM 3.50517141305e-09 TO 9.82141717382e-09
tphl=3.3567068245e-09 FROM 2.49999995702e-09 TO 5.85670678151e-09
tplh=3.96722556443e-09 FROM 5.75000000408e-08 TO 6.14672256052e-08
t_prop: '(tPHL+tPLH)/2'=3.66196619446e-09
t_skew: 'abs(tPHL-tPLH)'=6.10518739927e-10
