LTspice 24.1.6 for Windows
Circuit: C:\Users\sahas\OneDrive\Documents\LTspice\NewLTspice\lab2_task2q1_original.cir
Start Time: Sun Dec 28 20:37:48 2025
solver = Normal
Maximum thread count: 4
tnom = 27
temp = 27
method = trap
Instance "M1": Length shorter than recommended for a level 1 MOSFET.
Instance "M1": Width narrower than recommended for a level 1 MOSFET.
Instance "M2": Length shorter than recommended for a level 1 MOSFET.
Direct Newton iteration for .op point succeeded.
Total elapsed time: 0.394 seconds.

Files loaded:
C:\Users\sahas\OneDrive\Documents\LTspice\NewLTspice\lab2_task2q1_original.cir

t_rise=4.31961111041e-09 FROM 5.81766831026e-08 TO 6.24962942131e-08
t_fall=3.72037502918e-09 FROM 2.94452195604e-09 TO 6.66489698522e-09
tphl=2.16419158955e-09 FROM 2.49999995702e-09 TO 4.66419154657e-09
tplh=2.5167216919e-09 FROM 5.74999999869e-08 TO 6.00167216788e-08
t_prop: '(tPHL+tPLH)/2'=2.34045664073e-09
t_skew: 'abs(tPHL-tPLH)'=3.5253010234e-10
