LTspice 24.1.6 for Windows
Circuit: C:\Users\sahas\OneDrive\Documents\LTspice\NewLTspice\lab2_task2q3_variant2_faster.cir
Start Time: Sun Dec 28 20:42:08 2025
solver = Normal
Maximum thread count: 4
tnom = 27
temp = 27
method = trap
Instance "M1": Length shorter than recommended for a level 1 MOSFET.
Instance "M2": Length shorter than recommended for a level 1 MOSFET.
Direct Newton iteration for .op point succeeded.
Total elapsed time: 0.278 seconds.

Files loaded:
C:\Users\sahas\OneDrive\Documents\LTspice\NewLTspice\lab2_task2q3_variant2_faster.cir

t_rise=2.89400203624e-09 FROM 5.77296669552e-08 TO 6.06236689915e-08
t_fall=2.90162942983e-09 FROM 2.72994410228e-09 TO 5.63157353211e-09
tphl=1.7180657849e-09 FROM 2.49999995702e-09 TO 4.21806574191e-09
tplh=1.71806569756e-09 FROM 5.75000000182e-08 TO 5.92180657158e-08
t_prop: '(tPHL+tPLH)/2'=1.71806574123e-09
t_skew: 'abs(tPHL-tPLH)'=8.73415968017e-17
