LTspice 24.1.6 for Windows
Circuit: C:\Users\sahas\OneDrive\Documents\LTspice\NewLTspice\pmos_dc_sweep.cir
Start Time: Sun Dec 28 12:24:45 2025
C:\Users\sahas\OneDrive\Documents\LTspice\NewLTspice\pmos_dc_sweep.cir(30): Corrected wrong sign of increment.
.dc VDS -1.2 0 -0.01 VGS -0.4 -1.2 -0.2
              ^^^^^^
solver = Normal
Maximum thread count: 4
tnom = 27
temp = 27
method = trap
Instance "M1": Length shorter than recommended for a level 1 MOSFET.
Instance "M1": Width narrower than recommended for a level 1 MOSFET.
.step VGS=-0.4 
.step VGS=-0.6 
.step VGS=-0.8 
.step VGS=-1 
.step VGS=-1.2 
Total elapsed time: 0.348 seconds.

Files loaded:
C:\Users\sahas\OneDrive\Documents\LTspice\NewLTspice\pmos_dc_sweep.cir

